
Tracking 6 videos

Checking: Rick Roll
Video not found: dQw4w9WgXcQ
Checking: Video 2
Video not found: 8QW1zZJ7mP0
Checking: Video 3
Video not found: g9H14QjVtR8
Checking: Video 4
Video not found: OKvElOgyT68
Checking: Video 5
Video not found: tfdct-wgeBI
Checking: Video 6
Video not found: jrNPQgyXvo0

Tracking 6 videos

Checking: Rick Roll
Video not found: dQw4w9WgXcQ
Checking: Video 2
Video not found: 8QW1zZJ7mP0
Checking: Video 3
Video not found: g9H14QjVtR8
Checking: Video 4
Video not found: OKvElOgyT68
Checking: Video 5
Video not found: tfdct-wgeBI
Checking: Video 6
Video not found: jrNPQgyXvo0

Tracking 6 videos

Checking: Rick Roll
View Gain: 13960
✅ Saved
----------------
Checking: Video 2
View Gain: 118487
✅ Saved
----------------
Checking: Video 3
View Gain: 45649
✅ Saved
----------------
Checking: Video 4
View Gain: 16002
✅ Saved
----------------
Checking: Video 5
View Gain: 1779
✅ Saved
----------------
Checking: Video 6
View Gain: 943
✅ Saved
----------------

Tracking 6 videos

Checking: Rick Roll
View Gain: 2134
✅ Saved
----------------
Checking: Video 2
View Gain: 12812
✅ Saved
----------------
Checking: Video 3
View Gain: 5364
✅ Saved
----------------
Checking: Video 4
View Gain: 2223
✅ Saved
----------------
Checking: Video 5
View Gain: 206
✅ Saved
----------------
Checking: Video 6
View Gain: 109
✅ Saved
----------------

Tracking 6 videos

Checking: Rick Roll
View Gain: 3701
✅ Saved
----------------
Checking: Video 2
View Gain: 27689
✅ Saved
----------------
Checking: Video 3
View Gain: 10576
✅ Saved
----------------
Checking: Video 4
View Gain: 3436
✅ Saved
----------------
Checking: Video 5
View Gain: 333
✅ Saved
----------------
Checking: Video 6
View Gain: 207
✅ Saved
----------------

Tracking 6 videos

Checking: Rick Roll
View Gain: 2018
✅ Saved
----------------
Checking: Video 2
View Gain: 15895
✅ Saved
----------------
Checking: Video 3
View Gain: 6276
✅ Saved
----------------
Checking: Video 4
View Gain: 1118
✅ Saved
----------------
Checking: Video 5
View Gain: 207
✅ Saved
----------------
Checking: Video 6
View Gain: 149
✅ Saved
----------------

Tracking 6 videos

Checking: Rick Roll
View Gain: 2463
✅ Saved
----------------
Checking: Video 2
View Gain: 25735
✅ Saved
----------------
Checking: Video 3
View Gain: 5268
✅ Saved
----------------
Checking: Video 4
View Gain: 3765
✅ Saved
----------------
Checking: Video 5
View Gain: 419
✅ Saved
----------------
Checking: Video 6
View Gain: 166
✅ Saved
----------------

Tracking 6 videos

Checking: Rick Roll
View Gain: 9693
✅ Saved
----------------
Checking: Video 2
View Gain: 80087
✅ Saved
----------------
Checking: Video 3
View Gain: 35599
✅ Saved
----------------
Checking: Video 4
View Gain: 7146
✅ Saved
----------------
Checking: Video 5
View Gain: 591
✅ Saved
----------------
Checking: Video 6
View Gain: 821
✅ Saved
----------------

Tracking 6 videos

Checking: Rick Roll
View Gain: 3793
✅ Saved
----------------
Checking: Video 2
View Gain: 23842
✅ Saved
----------------
Checking: Video 3
View Gain: 11493
✅ Saved
----------------
Checking: Video 4
View Gain: 3839
✅ Saved
----------------
Checking: Video 5
View Gain: 1014
✅ Saved
----------------
Checking: Video 6
View Gain: 288
✅ Saved
----------------

Tracking 6 videos

Checking: Rick Roll
View Gain: 7705
✅ Saved
----------------
Checking: Video 2
View Gain: 40068
✅ Saved
----------------
Checking: Video 3
View Gain: 19782
✅ Saved
----------------
Checking: Video 4
View Gain: 7981
✅ Saved
----------------
Checking: Video 5
View Gain: 735
✅ Saved
----------------
Checking: Video 6
View Gain: 526
✅ Saved
----------------

Tracking 6 videos

Checking: Rick Roll
View Gain: 17150
✅ Saved
----------------
Checking: Video 2
View Gain: 67472
✅ Saved
----------------
Checking: Video 3
View Gain: 33218
✅ Saved
----------------
Checking: Video 4
View Gain: 11774
✅ Saved
----------------
Checking: Video 5
View Gain: 1253
✅ Saved
----------------
Checking: Video 6
View Gain: 848
✅ Saved
----------------

Tracking 6 videos

Checking: Rick Roll
View Gain: 2858
✅ Saved
----------------
Checking: Video 2
View Gain: 18214
✅ Saved
----------------
Checking: Video 3
View Gain: 4948
✅ Saved
----------------
Checking: Video 4
View Gain: 3001
✅ Saved
----------------
Checking: Video 5
View Gain: 351
✅ Saved
----------------
Checking: Video 6
View Gain: 132
✅ Saved
----------------

Tracking 6 videos

Checking: Rick Roll
View Gain: 2691
✅ Saved
----------------
Checking: Video 2
View Gain: 8375
✅ Saved
----------------
Checking: Video 3
View Gain: 5538
✅ Saved
----------------
Checking: Video 4
View Gain: 1677
✅ Saved
----------------
Checking: Video 5
View Gain: 197
✅ Saved
----------------
Checking: Video 6
View Gain: 114
✅ Saved
----------------

Tracking 6 videos

Checking: Rick Roll
View Gain: 50975
✅ Saved
----------------
Checking: Video 2
View Gain: 167531
✅ Saved
----------------
Checking: Video 3
View Gain: 83370
✅ Saved
----------------
Checking: Video 4
View Gain: 28186
✅ Saved
----------------
Checking: Video 5
View Gain: 3737
✅ Saved
----------------
Checking: Video 6
View Gain: 2400
✅ Saved
----------------

Tracking 6 videos

Checking: Rick Roll
View Gain: 107575
✅ Saved
----------------
Checking: Video 2
View Gain: 388253
✅ Saved
----------------
Checking: Video 3
View Gain: 191710
✅ Saved
----------------
Checking: Video 4
View Gain: 67906
✅ Saved
----------------
Checking: Video 5
View Gain: 9116
✅ Saved
----------------
Checking: Video 6
View Gain: 5846
✅ Saved
----------------

Tracking 6 videos

Checking: Rick Roll
View Gain: 34106
✅ Saved
----------------
Checking: Video 2
View Gain: 57680
✅ Saved
----------------
Checking: Video 3
View Gain: 25960
✅ Saved
----------------
Checking: Video 4
View Gain: 12893
✅ Saved
----------------
Checking: Video 5
View Gain: 1553
✅ Saved
----------------
Checking: Video 6
View Gain: 980
✅ Saved
----------------

Tracking 6 videos

Checking: Rick Roll
View Gain: 1905
✅ Saved
----------------
Checking: Video 2
View Gain: 2245
✅ Saved
----------------
Checking: Video 3
View Gain: 971
✅ Saved
----------------
Checking: Video 4
View Gain: 504
✅ Saved
----------------
Checking: Video 5
View Gain: 66
✅ Saved
----------------
Checking: Video 6
View Gain: 48
✅ Saved
----------------

Tracking 6 videos

Checking: Rick Roll
View Gain: 25066
✅ Saved
----------------
Checking: Video 2
View Gain: 23455
✅ Saved
----------------
Checking: Video 3
View Gain: 9340
✅ Saved
----------------
Checking: Video 4
View Gain: 4586
✅ Saved
----------------
Checking: Video 5
View Gain: 662
✅ Saved
----------------
Checking: Video 6
View Gain: 420
✅ Saved
----------------

Tracking 6 videos

Checking: Rick Roll
View Gain: 5120
✅ Saved
----------------
Checking: Video 2
View Gain: 3518
✅ Saved
----------------
Checking: Video 3
View Gain: 1883
✅ Saved
----------------
Checking: Video 4
View Gain: 1293
✅ Saved
----------------
Checking: Video 5
View Gain: 113
✅ Saved
----------------
Checking: Video 6
View Gain: 89
✅ Saved
----------------

Tracking 6 videos

Checking: 8QW1zZJ7mP0
View Gain: 924
✅ Ye kya kar diya 😭 G-Wagon K Sath 
----------------
Checking: OKvElOgyT68
View Gain: 206
✅ Try Not To Laugh Challenge 😍With Benny And Avantika 
----------------
Checking: dQw4w9WgXcQ
View Gain: 1803
✅ Rick Astley - Never Gonna Give You Up (Official Video) (4K Remaster)
----------------
Checking: g9H14QjVtR8
View Gain: 470
✅  Hide And Seek At Night  😲 With Family 
----------------
Checking: jrNPQgyXvo0
View Gain: 25
✅ Avantika K Liye BMW  Pasand Aagyi 😍
----------------
Checking: tfdct-wgeBI
View Gain: 21
✅ Avantika Ko Kya Hogya 😲 Gussa Aagya
----------------

Tracking 6 videos

Checking: 8QW1zZJ7mP0
View Gain: 4501
✅ Ye kya kar diya 😭 G-Wagon K Sath 
----------------
Checking: OKvElOgyT68
View Gain: 1404
✅ Try Not To Laugh Challenge 😍With Benny And Avantika 
----------------
Checking: dQw4w9WgXcQ
View Gain: 5535
✅ Rick Astley - Never Gonna Give You Up (Official Video) (4K Remaster)
----------------
Checking: g9H14QjVtR8
View Gain: 1135
✅  Hide And Seek At Night  😲 With Family 
----------------
Checking: jrNPQgyXvo0
View Gain: 50
✅ Avantika K Liye BMW  Pasand Aagyi 😍
----------------
Checking: tfdct-wgeBI
View Gain: 135
✅ Avantika Ko Kya Hogya 😲 Gussa Aagya
----------------

Tracking 6 videos

Checking: 8QW1zZJ7mP0
View Gain: 2415
✅ Ye kya kar diya 😭 G-Wagon K Sath 
----------------
Checking: OKvElOgyT68
View Gain: 371
✅ Try Not To Laugh Challenge 😍With Benny And Avantika 
----------------
Checking: dQw4w9WgXcQ
View Gain: 3961
✅ Rick Astley - Never Gonna Give You Up (Official Video) (4K Remaster)
----------------
Checking: g9H14QjVtR8
View Gain: 1333
✅  Hide And Seek At Night  😲 With Family 
----------------
Checking: jrNPQgyXvo0
View Gain: 57
✅ Avantika K Liye BMW  Pasand Aagyi 😍
----------------
Checking: tfdct-wgeBI
View Gain: 69
✅ Avantika Ko Kya Hogya 😲 Gussa Aagya
----------------

Tracking 6 videos

Checking: 8QW1zZJ7mP0
View Gain: 1499
✅ Ye kya kar diya 😭 G-Wagon K Sath 
----------------
Checking: OKvElOgyT68
View Gain: 406
✅ Try Not To Laugh Challenge 😍With Benny And Avantika 
----------------
Checking: dQw4w9WgXcQ
View Gain: 3489
✅ Rick Astley - Never Gonna Give You Up (Official Video) (4K Remaster)
----------------
Checking: g9H14QjVtR8
View Gain: 658
✅  Hide And Seek At Night  😲 With Family 
----------------
Checking: jrNPQgyXvo0
View Gain: 35
✅ Avantika K Liye BMW  Pasand Aagyi 😍
----------------
Checking: tfdct-wgeBI
View Gain: 33
✅ Avantika Ko Kya Hogya 😲 Gussa Aagya
----------------

Tracking 6 videos

Checking: 8QW1zZJ7mP0
View Gain: 1965
✅ Ye kya kar diya 😭 G-Wagon K Sath 
----------------
Checking: OKvElOgyT68
View Gain: 143
✅ Try Not To Laugh Challenge 😍With Benny And Avantika 
----------------
Checking: dQw4w9WgXcQ
View Gain: 4192
✅ Rick Astley - Never Gonna Give You Up (Official Video) (4K Remaster)
----------------
Checking: g9H14QjVtR8
View Gain: 591
✅  Hide And Seek At Night  😲 With Family 
----------------
Checking: jrNPQgyXvo0
View Gain: 37
✅ Avantika K Liye BMW  Pasand Aagyi 😍
----------------
Checking: tfdct-wgeBI
View Gain: 57
✅ Avantika Ko Kya Hogya 😲 Gussa Aagya
----------------

Tracking 6 videos

Checking: 8QW1zZJ7mP0
View Gain: 511
✅ Ye kya kar diya 😭 G-Wagon K Sath 
----------------
Checking: OKvElOgyT68
View Gain: 72
✅ Try Not To Laugh Challenge 😍With Benny And Avantika 
----------------
Checking: dQw4w9WgXcQ
View Gain: 1033
✅ Rick Astley - Never Gonna Give You Up (Official Video) (4K Remaster)
----------------
Checking: g9H14QjVtR8
View Gain: 203
✅  Hide And Seek At Night  😲 With Family 
----------------
Checking: jrNPQgyXvo0
View Gain: 9
✅ Avantika K Liye BMW  Pasand Aagyi 😍
----------------
Checking: tfdct-wgeBI
View Gain: 19
✅ Avantika Ko Kya Hogya 😲 Gussa Aagya
----------------

Tracking 6 videos

Checking: 8QW1zZJ7mP0
View Gain: 993
✅ Ye kya kar diya 😭 G-Wagon K Sath 
----------------
Checking: OKvElOgyT68
View Gain: 147
✅ Try Not To Laugh Challenge 😍With Benny And Avantika 
----------------
Checking: dQw4w9WgXcQ
View Gain: 2132
✅ Rick Astley - Never Gonna Give You Up (Official Video) (4K Remaster)
----------------
Checking: g9H14QjVtR8
View Gain: 240
✅  Hide And Seek At Night  😲 With Family 
----------------
Checking: jrNPQgyXvo0
View Gain: 10
✅ Avantika K Liye BMW  Pasand Aagyi 😍
----------------
Checking: tfdct-wgeBI
View Gain: 29
✅ Avantika Ko Kya Hogya 😲 Gussa Aagya
----------------

Tracking 6 videos

Checking: 8QW1zZJ7mP0
View Gain: 824
✅ Ye kya kar diya 😭 G-Wagon K Sath 
----------------
Checking: OKvElOgyT68
View Gain: 195
✅ Try Not To Laugh Challenge 😍With Benny And Avantika 
----------------
Checking: dQw4w9WgXcQ
View Gain: 1911
✅ Rick Astley - Never Gonna Give You Up (Official Video) (4K Remaster)
----------------
Checking: g9H14QjVtR8
View Gain: 200
✅  Hide And Seek At Night  😲 With Family 
----------------
Checking: jrNPQgyXvo0
View Gain: 9
✅ Avantika K Liye BMW  Pasand Aagyi 😍
----------------
Checking: tfdct-wgeBI
View Gain: 30
✅ Avantika Ko Kya Hogya 😲 Gussa Aagya
----------------

Tracking 6 videos

Checking: 8QW1zZJ7mP0
View Gain: 1978
✅ Ye kya kar diya 😭 G-Wagon K Sath 
----------------
Checking: OKvElOgyT68
View Gain: 330
✅ Try Not To Laugh Challenge 😍With Benny And Avantika 
----------------
Checking: dQw4w9WgXcQ
View Gain: 4488
✅ Rick Astley - Never Gonna Give You Up (Official Video) (4K Remaster)
----------------
Checking: g9H14QjVtR8
View Gain: 1004
✅  Hide And Seek At Night  😲 With Family 
----------------
Checking: jrNPQgyXvo0
View Gain: 60
✅ Avantika K Liye BMW  Pasand Aagyi 😍
----------------
Checking: tfdct-wgeBI
View Gain: 65
✅ Avantika Ko Kya Hogya 😲 Gussa Aagya
----------------

Tracking 6 videos

Checking: 8QW1zZJ7mP0
View Gain: 10665
✅ Ye kya kar diya 😭 G-Wagon K Sath 
----------------
Checking: OKvElOgyT68
View Gain: 2187
✅ Try Not To Laugh Challenge 😍With Benny And Avantika 
----------------
Checking: dQw4w9WgXcQ
View Gain: 26554
✅ Rick Astley - Never Gonna Give You Up (Official Video) (4K Remaster)
----------------
Checking: g9H14QjVtR8
View Gain: 4152
✅  Hide And Seek At Night  😲 With Family 
----------------
Checking: jrNPQgyXvo0
View Gain: 178
✅ Avantika K Liye BMW  Pasand Aagyi 😍
----------------
Checking: tfdct-wgeBI
View Gain: 320
✅ Avantika Ko Kya Hogya 😲 Gussa Aagya
----------------

Tracking 6 videos

Checking: 8QW1zZJ7mP0
View Gain: 4813
✅ Ye kya kar diya 😭 G-Wagon K Sath 
----------------
Checking: OKvElOgyT68
View Gain: 922
✅ Try Not To Laugh Challenge 😍With Benny And Avantika 
----------------
Checking: dQw4w9WgXcQ
View Gain: 23976
✅ Rick Astley - Never Gonna Give You Up (Official Video) (4K Remaster)
----------------
Checking: g9H14QjVtR8
View Gain: 1634
✅  Hide And Seek At Night  😲 With Family 
----------------
Checking: jrNPQgyXvo0
View Gain: 90
✅ Avantika K Liye BMW  Pasand Aagyi 😍
----------------
Checking: tfdct-wgeBI
View Gain: 170
✅ Avantika Ko Kya Hogya 😲 Gussa Aagya
----------------

Tracking 6 videos

Checking: 8QW1zZJ7mP0
View Gain: 3166
✅ Ye kya kar diya 😭 G-Wagon K Sath 
----------------
Checking: OKvElOgyT68
View Gain: 693
✅ Try Not To Laugh Challenge 😍With Benny And Avantika 
----------------
Checking: dQw4w9WgXcQ
View Gain: 22045
✅ Rick Astley - Never Gonna Give You Up (Official Video) (4K Remaster)
----------------
Checking: g9H14QjVtR8
View Gain: 1261
✅  Hide And Seek At Night  😲 With Family 
----------------
Checking: jrNPQgyXvo0
View Gain: 66
✅ Avantika K Liye BMW  Pasand Aagyi 😍
----------------
Checking: tfdct-wgeBI
View Gain: 107
✅ Avantika Ko Kya Hogya 😲 Gussa Aagya
----------------

Tracking 6 videos

Checking: 8QW1zZJ7mP0

Tracking 6 videos

Checking: 8QW1zZJ7mP0

Tracking 6 videos

Checking: 8QW1zZJ7mP0

Tracking 6 videos

Checking: 8QW1zZJ7mP0
View Gain: 78099
✅ Ye kya kar diya 😭 G-Wagon K Sath 
----------------
Checking: OKvElOgyT68
View Gain: 18016
✅ Try Not To Laugh Challenge 😍With Benny And Avantika 
----------------
Checking: dQw4w9WgXcQ
View Gain: 113842
✅ Rick Astley - Never Gonna Give You Up (Official Video) (4K Remaster)
----------------
Checking: g9H14QjVtR8
View Gain: 57818
✅  Hide And Seek At Night  😲 With Family 
----------------
Checking: jrNPQgyXvo0
View Gain: 2219
✅ Avantika K Liye BMW  Pasand Aagyi 😍
----------------
Checking: tfdct-wgeBI
View Gain: 3238
✅ Avantika Ko Kya Hogya 😲 Gussa Aagya
----------------

Tracking 6 videos

Checking: 8QW1zZJ7mP0
View Gain: 13227
✅ Ye kya kar diya 😭 G-Wagon K Sath 
----------------
Checking: OKvElOgyT68
View Gain: 5076
✅ Try Not To Laugh Challenge 😍With Benny And Avantika 
----------------
Checking: dQw4w9WgXcQ
View Gain: 10263
✅ Rick Astley - Never Gonna Give You Up (Official Video) (4K Remaster)
----------------
Checking: g9H14QjVtR8
View Gain: 16291
✅  Hide And Seek At Night  😲 With Family 
----------------
Checking: jrNPQgyXvo0
View Gain: 462
✅ Avantika K Liye BMW  Pasand Aagyi 😍
----------------
Checking: tfdct-wgeBI
View Gain: 684
✅ Avantika Ko Kya Hogya 😲 Gussa Aagya
----------------

Tracking 6 videos

Checking: 8QW1zZJ7mP0
View Gain: 1356
✅ Ye kya kar diya 😭 G-Wagon K Sath 
----------------
Checking: OKvElOgyT68
View Gain: 614
✅ Try Not To Laugh Challenge 😍With Benny And Avantika 
----------------
Checking: dQw4w9WgXcQ
View Gain: 1598
✅ Rick Astley - Never Gonna Give You Up (Official Video) (4K Remaster)
----------------
Checking: g9H14QjVtR8
View Gain: 2242
✅  Hide And Seek At Night  😲 With Family 
----------------
Checking: jrNPQgyXvo0
View Gain: 110
✅ Avantika K Liye BMW  Pasand Aagyi 😍
----------------
Checking: tfdct-wgeBI
View Gain: 92
✅ Avantika Ko Kya Hogya 😲 Gussa Aagya
----------------

Tracking 6 videos

Checking: 8QW1zZJ7mP0
View Gain: 1626
✅ Ye kya kar diya 😭 G-Wagon K Sath 
----------------
Checking: OKvElOgyT68
View Gain: 508
✅ Try Not To Laugh Challenge 😍With Benny And Avantika 
----------------
Checking: dQw4w9WgXcQ
View Gain: 1085
✅ Rick Astley - Never Gonna Give You Up (Official Video) (4K Remaster)
----------------
Checking: g9H14QjVtR8
View Gain: 411
✅  Hide And Seek At Night  😲 With Family 
----------------
Checking: jrNPQgyXvo0
View Gain: 52
✅ Avantika K Liye BMW  Pasand Aagyi 😍
----------------
Checking: tfdct-wgeBI
View Gain: 90
✅ Avantika Ko Kya Hogya 😲 Gussa Aagya
----------------

Tracking 6 videos

Checking: 8QW1zZJ7mP0
View Gain: 3177
✅ Ye kya kar diya 😭 G-Wagon K Sath 
----------------
Checking: OKvElOgyT68
View Gain: 1594
✅ Try Not To Laugh Challenge 😍With Benny And Avantika 
----------------
Checking: dQw4w9WgXcQ
View Gain: 1594
✅ Rick Astley - Never Gonna Give You Up (Official Video) (4K Remaster)
----------------
Checking: g9H14QjVtR8
View Gain: 5225
✅  Hide And Seek At Night  😲 With Family 
----------------
Checking: jrNPQgyXvo0
View Gain: 61
✅ Avantika K Liye BMW  Pasand Aagyi 😍
----------------
Checking: tfdct-wgeBI
View Gain: 160
✅ Avantika Ko Kya Hogya 😲 Gussa Aagya
----------------

Tracking 6 videos

Checking: 8QW1zZJ7mP0
View Gain: 6105
✅ Ye kya kar diya 😭 G-Wagon K Sath 
----------------
Checking: OKvElOgyT68
View Gain: 2676
✅ Try Not To Laugh Challenge 😍With Benny And Avantika 
----------------
Checking: dQw4w9WgXcQ
View Gain: 3861
✅ Rick Astley - Never Gonna Give You Up (Official Video) (4K Remaster)
----------------
Checking: g9H14QjVtR8
View Gain: 8521
✅  Hide And Seek At Night  😲 With Family 
----------------
Checking: jrNPQgyXvo0
View Gain: 185
✅ Avantika K Liye BMW  Pasand Aagyi 😍
----------------
Checking: tfdct-wgeBI
View Gain: 331
✅ Avantika Ko Kya Hogya 😲 Gussa Aagya
----------------

Tracking 6 videos

Checking: 8QW1zZJ7mP0
View Gain: 3451
✅ Ye kya kar diya 😭 G-Wagon K Sath 
----------------
Checking: OKvElOgyT68
View Gain: 1527
✅ Try Not To Laugh Challenge 😍With Benny And Avantika 
----------------
Checking: dQw4w9WgXcQ
View Gain: 3022
✅ Rick Astley - Never Gonna Give You Up (Official Video) (4K Remaster)
----------------
Checking: g9H14QjVtR8
View Gain: 3009
✅  Hide And Seek At Night  😲 With Family 
----------------
Checking: jrNPQgyXvo0
View Gain: 118
✅ Avantika K Liye BMW  Pasand Aagyi 😍
----------------
Checking: tfdct-wgeBI
View Gain: 174
✅ Avantika Ko Kya Hogya 😲 Gussa Aagya
----------------

Tracking 6 videos

Checking: 8QW1zZJ7mP0
View Gain: 2890
✅ Ye kya kar diya 😭 G-Wagon K Sath 
----------------
Checking: OKvElOgyT68
View Gain: 178
✅ Try Not To Laugh Challenge 😍With Benny And Avantika 
----------------
Checking: dQw4w9WgXcQ
View Gain: 2115
✅ Rick Astley - Never Gonna Give You Up (Official Video) (4K Remaster)
----------------
Checking: g9H14QjVtR8
View Gain: 490
✅  Hide And Seek At Night  😲 With Family 
----------------
Checking: jrNPQgyXvo0
View Gain: 159
✅ Avantika K Liye BMW  Pasand Aagyi 😍
----------------
Checking: tfdct-wgeBI
View Gain: 226
✅ Avantika Ko Kya Hogya 😲 Gussa Aagya
----------------

Tracking 6 videos

Checking: 8QW1zZJ7mP0
View Gain: 1329
✅ Ye kya kar diya 😭 G-Wagon K Sath 
----------------
Checking: OKvElOgyT68
View Gain: 616
✅ Try Not To Laugh Challenge 😍With Benny And Avantika 
----------------
Checking: dQw4w9WgXcQ
View Gain: 781
✅ Rick Astley - Never Gonna Give You Up (Official Video) (4K Remaster)
----------------
Checking: g9H14QjVtR8
View Gain: 3467
✅  Hide And Seek At Night  😲 With Family 
----------------
Checking: jrNPQgyXvo0
View Gain: 47
✅ Avantika K Liye BMW  Pasand Aagyi 😍
----------------
Checking: tfdct-wgeBI
View Gain: 101
✅ Avantika Ko Kya Hogya 😲 Gussa Aagya
----------------

Tracking 6 videos

Checking: 8QW1zZJ7mP0
View Gain: 907
✅ Ye kya kar diya 😭 G-Wagon K Sath 
----------------
Checking: OKvElOgyT68
View Gain: 485
✅ Try Not To Laugh Challenge 😍With Benny And Avantika 
----------------
Checking: dQw4w9WgXcQ
View Gain: 1158
✅ Rick Astley - Never Gonna Give You Up (Official Video) (4K Remaster)
----------------
Checking: g9H14QjVtR8
View Gain: 51
✅  Hide And Seek At Night  😲 With Family 
----------------
Checking: jrNPQgyXvo0
View Gain: 66
✅ Avantika K Liye BMW  Pasand Aagyi 😍
----------------
Checking: tfdct-wgeBI
View Gain: 52
✅ Avantika Ko Kya Hogya 😲 Gussa Aagya
----------------

Tracking 6 videos

Checking: 8QW1zZJ7mP0
View Gain: 2320
✅ Ye kya kar diya 😭 G-Wagon K Sath 
----------------
Checking: OKvElOgyT68
View Gain: 784
✅ Try Not To Laugh Challenge 😍With Benny And Avantika 
----------------
Checking: dQw4w9WgXcQ
View Gain: 1241
✅ Rick Astley - Never Gonna Give You Up (Official Video) (4K Remaster)
----------------
Checking: g9H14QjVtR8
View Gain: 3896
✅  Hide And Seek At Night  😲 With Family 
----------------
Checking: jrNPQgyXvo0
View Gain: 100
✅ Avantika K Liye BMW  Pasand Aagyi 😍
----------------
Checking: tfdct-wgeBI
View Gain: 144
✅ Avantika Ko Kya Hogya 😲 Gussa Aagya
----------------

Tracking 6 videos

Checking: 8QW1zZJ7mP0
View Gain: 1502
✅ Ye kya kar diya 😭 G-Wagon K Sath 
----------------
Checking: OKvElOgyT68
View Gain: 566
✅ Try Not To Laugh Challenge 😍With Benny And Avantika 
----------------
Checking: dQw4w9WgXcQ
View Gain: 788
✅ Rick Astley - Never Gonna Give You Up (Official Video) (4K Remaster)
----------------
Checking: g9H14QjVtR8
View Gain: 2293
✅  Hide And Seek At Night  😲 With Family 
----------------
Checking: jrNPQgyXvo0
View Gain: 52
✅ Avantika K Liye BMW  Pasand Aagyi 😍
----------------
Checking: tfdct-wgeBI
View Gain: 63
✅ Avantika Ko Kya Hogya 😲 Gussa Aagya
----------------

Tracking 6 videos

Checking: 8QW1zZJ7mP0
View Gain: 2078
✅ Ye kya kar diya 😭 G-Wagon K Sath 
----------------
Checking: OKvElOgyT68
View Gain: 763
✅ Try Not To Laugh Challenge 😍With Benny And Avantika 
----------------
Checking: dQw4w9WgXcQ
View Gain: 1478
✅ Rick Astley - Never Gonna Give You Up (Official Video) (4K Remaster)
----------------
Checking: g9H14QjVtR8
View Gain: 1351
✅  Hide And Seek At Night  😲 With Family 
----------------
Checking: jrNPQgyXvo0
View Gain: 70
✅ Avantika K Liye BMW  Pasand Aagyi 😍
----------------
Checking: tfdct-wgeBI
View Gain: 128
✅ Avantika Ko Kya Hogya 😲 Gussa Aagya
----------------

Tracking 6 videos

Checking: 8QW1zZJ7mP0
View Gain: 727
✅ Ye kya kar diya 😭 G-Wagon K Sath 
----------------
Checking: OKvElOgyT68
View Gain: 982
✅ Try Not To Laugh Challenge 😍With Benny And Avantika 
----------------
Checking: dQw4w9WgXcQ
View Gain: 736
✅ Rick Astley - Never Gonna Give You Up (Official Video) (4K Remaster)
----------------
Checking: g9H14QjVtR8
View Gain: 2535
✅  Hide And Seek At Night  😲 With Family 
----------------
Checking: jrNPQgyXvo0
View Gain: 49
✅ Avantika K Liye BMW  Pasand Aagyi 😍
----------------
Checking: tfdct-wgeBI
View Gain: 65
✅ Avantika Ko Kya Hogya 😲 Gussa Aagya
----------------

Tracking 6 videos

Checking: 8QW1zZJ7mP0
View Gain: 3109
✅ Ye kya kar diya 😭 G-Wagon K Sath 
----------------
Checking: OKvElOgyT68
View Gain: 890
✅ Try Not To Laugh Challenge 😍With Benny And Avantika 
----------------
Checking: dQw4w9WgXcQ
View Gain: 1591
✅ Rick Astley - Never Gonna Give You Up (Official Video) (4K Remaster)
----------------
Checking: g9H14QjVtR8
View Gain: 2144
✅  Hide And Seek At Night  😲 With Family 
----------------
Checking: jrNPQgyXvo0
View Gain: 88
✅ Avantika K Liye BMW  Pasand Aagyi 😍
----------------
Checking: tfdct-wgeBI
View Gain: 114
✅ Avantika Ko Kya Hogya 😲 Gussa Aagya
----------------

Tracking 6 videos

Checking: 8QW1zZJ7mP0
View Gain: 1054
✅ Ye kya kar diya 😭 G-Wagon K Sath 
----------------
Checking: OKvElOgyT68
View Gain: 564
✅ Try Not To Laugh Challenge 😍With Benny And Avantika 
----------------
Checking: dQw4w9WgXcQ
View Gain: 784
✅ Rick Astley - Never Gonna Give You Up (Official Video) (4K Remaster)
----------------
Checking: g9H14QjVtR8
View Gain: 1603
✅  Hide And Seek At Night  😲 With Family 
----------------
Checking: jrNPQgyXvo0
View Gain: 41
✅ Avantika K Liye BMW  Pasand Aagyi 😍
----------------
Checking: tfdct-wgeBI
View Gain: 89
✅ Avantika Ko Kya Hogya 😲 Gussa Aagya
----------------

Tracking 6 videos

Checking: 8QW1zZJ7mP0
View Gain: 944
✅ Ye kya kar diya 😭 G-Wagon K Sath 
----------------
Checking: OKvElOgyT68
View Gain: 334
✅ Try Not To Laugh Challenge 😍With Benny And Avantika 
----------------
Checking: dQw4w9WgXcQ
View Gain: 904
✅ Rick Astley - Never Gonna Give You Up (Official Video) (4K Remaster)
----------------
Checking: g9H14QjVtR8
View Gain: 745
✅  Hide And Seek At Night  😲 With Family 
----------------
Checking: jrNPQgyXvo0
View Gain: 66
✅ Avantika K Liye BMW  Pasand Aagyi 😍
----------------
Checking: tfdct-wgeBI
View Gain: 81
✅ Avantika Ko Kya Hogya 😲 Gussa Aagya
----------------

Tracking 6 videos

Checking: 8QW1zZJ7mP0
View Gain: 732
✅ Ye kya kar diya 😭 G-Wagon K Sath 
----------------
Checking: OKvElOgyT68
View Gain: 570
✅ Try Not To Laugh Challenge 😍With Benny And Avantika 
----------------
Checking: dQw4w9WgXcQ
View Gain: 466
✅ Rick Astley - Never Gonna Give You Up (Official Video) (4K Remaster)
----------------
Checking: g9H14QjVtR8
View Gain: 1690
✅  Hide And Seek At Night  😲 With Family 
----------------
Checking: jrNPQgyXvo0
View Gain: 85
✅ Avantika K Liye BMW  Pasand Aagyi 😍
----------------
Checking: tfdct-wgeBI
View Gain: 20
✅ Avantika Ko Kya Hogya 😲 Gussa Aagya
----------------

Tracking 6 videos

Checking: 8QW1zZJ7mP0
View Gain: 1656
✅ Ye kya kar diya 😭 G-Wagon K Sath 
----------------
Checking: OKvElOgyT68
View Gain: 586
✅ Try Not To Laugh Challenge 😍With Benny And Avantika 
----------------
Checking: dQw4w9WgXcQ
View Gain: 977
✅ Rick Astley - Never Gonna Give You Up (Official Video) (4K Remaster)
----------------
Checking: g9H14QjVtR8
View Gain: 1568
✅  Hide And Seek At Night  😲 With Family 
----------------
Checking: jrNPQgyXvo0
View Gain: 33
✅ Avantika K Liye BMW  Pasand Aagyi 😍
----------------
Checking: tfdct-wgeBI
View Gain: 80
✅ Avantika Ko Kya Hogya 😲 Gussa Aagya
----------------

Tracking 6 videos

Checking: 8QW1zZJ7mP0
View Gain: 1391
✅ Ye kya kar diya 😭 G-Wagon K Sath 
----------------
Checking: OKvElOgyT68
View Gain: 1314
✅ Try Not To Laugh Challenge 😍With Benny And Avantika 
----------------
Checking: dQw4w9WgXcQ
View Gain: 611
✅ Rick Astley - Never Gonna Give You Up (Official Video) (4K Remaster)
----------------
Checking: g9H14QjVtR8
View Gain: 3366
✅  Hide And Seek At Night  😲 With Family 
----------------
Checking: jrNPQgyXvo0
View Gain: 0
✅ Avantika K Liye BMW  Pasand Aagyi 😍
----------------
Checking: tfdct-wgeBI
View Gain: 100
✅ Avantika Ko Kya Hogya 😲 Gussa Aagya
----------------

Tracking 6 videos

Checking: 8QW1zZJ7mP0
View Gain: 2665
✅ Ye kya kar diya 😭 G-Wagon K Sath 
----------------
Checking: OKvElOgyT68
View Gain: 640
✅ Try Not To Laugh Challenge 😍With Benny And Avantika 
----------------
Checking: dQw4w9WgXcQ
View Gain: 2108
✅ Rick Astley - Never Gonna Give You Up (Official Video) (4K Remaster)
----------------
Checking: g9H14QjVtR8
View Gain: 2057
✅  Hide And Seek At Night  😲 With Family 
----------------
Checking: jrNPQgyXvo0
View Gain: 210
✅ Avantika K Liye BMW  Pasand Aagyi 😍
----------------
Checking: tfdct-wgeBI
View Gain: 125
✅ Avantika Ko Kya Hogya 😲 Gussa Aagya
----------------

Tracking 6 videos

Checking: 8QW1zZJ7mP0
View Gain: 1830
✅ Ye kya kar diya 😭 G-Wagon K Sath 
----------------
Checking: OKvElOgyT68
View Gain: 825
✅ Try Not To Laugh Challenge 😍With Benny And Avantika 
----------------
Checking: dQw4w9WgXcQ
View Gain: 989
✅ Rick Astley - Never Gonna Give You Up (Official Video) (4K Remaster)
----------------
Checking: g9H14QjVtR8
View Gain: 1487
✅  Hide And Seek At Night  😲 With Family 
----------------
Checking: jrNPQgyXvo0
View Gain: 0
✅ Avantika K Liye BMW  Pasand Aagyi 😍
----------------
Checking: tfdct-wgeBI
View Gain: 81
✅ Avantika Ko Kya Hogya 😲 Gussa Aagya
----------------

Tracking 6 videos

Checking: 8QW1zZJ7mP0
View Gain: 1974
✅ Ye kya kar diya 😭 G-Wagon K Sath 
----------------
Checking: OKvElOgyT68
View Gain: 339
✅ Try Not To Laugh Challenge 😍With Benny And Avantika 
----------------
Checking: dQw4w9WgXcQ
View Gain: 791
✅ Rick Astley - Never Gonna Give You Up (Official Video) (4K Remaster)
----------------
Checking: g9H14QjVtR8
View Gain: 900
✅  Hide And Seek At Night  😲 With Family 
----------------
Checking: jrNPQgyXvo0
View Gain: 83
✅ Avantika K Liye BMW  Pasand Aagyi 😍
----------------
Checking: tfdct-wgeBI
View Gain: 208
✅ Avantika Ko Kya Hogya 😲 Gussa Aagya
----------------

Tracking 6 videos

Checking: 8QW1zZJ7mP0
View Gain: 677
✅ Ye kya kar diya 😭 G-Wagon K Sath 
----------------
Checking: OKvElOgyT68
View Gain: 824
✅ Try Not To Laugh Challenge 😍With Benny And Avantika 
----------------
Checking: dQw4w9WgXcQ
View Gain: 531
✅ Rick Astley - Never Gonna Give You Up (Official Video) (4K Remaster)
----------------
Checking: g9H14QjVtR8
View Gain: 3494
✅  Hide And Seek At Night  😲 With Family 
----------------
Checking: jrNPQgyXvo0
View Gain: 82
✅ Avantika K Liye BMW  Pasand Aagyi 😍
----------------
Checking: tfdct-wgeBI
View Gain: 34
✅ Avantika Ko Kya Hogya 😲 Gussa Aagya
----------------

Tracking 6 videos

Checking: 8QW1zZJ7mP0
View Gain: 2233
✅ Ye kya kar diya 😭 G-Wagon K Sath 
----------------
Checking: OKvElOgyT68
View Gain: 1345
✅ Try Not To Laugh Challenge 😍With Benny And Avantika 
----------------
Checking: dQw4w9WgXcQ
View Gain: 1123
✅ Rick Astley - Never Gonna Give You Up (Official Video) (4K Remaster)
----------------
Checking: g9H14QjVtR8
View Gain: 3003
✅  Hide And Seek At Night  😲 With Family 
----------------
Checking: jrNPQgyXvo0
View Gain: 106
✅ Avantika K Liye BMW  Pasand Aagyi 😍
----------------
Checking: tfdct-wgeBI
View Gain: 146
✅ Avantika Ko Kya Hogya 😲 Gussa Aagya
----------------

Tracking 6 videos

Checking: 8QW1zZJ7mP0
View Gain: 3011
✅ Ye kya kar diya 😭 G-Wagon K Sath 
----------------
Checking: OKvElOgyT68
View Gain: 1275
✅ Try Not To Laugh Challenge 😍With Benny And Avantika 
----------------
Checking: dQw4w9WgXcQ
View Gain: 2110
✅ Rick Astley - Never Gonna Give You Up (Official Video) (4K Remaster)
----------------
Checking: g9H14QjVtR8
View Gain: 3211
✅  Hide And Seek At Night  😲 With Family 
----------------
Checking: jrNPQgyXvo0
View Gain: 136
✅ Avantika K Liye BMW  Pasand Aagyi 😍
----------------
Checking: tfdct-wgeBI
View Gain: 192
✅ Avantika Ko Kya Hogya 😲 Gussa Aagya
----------------

Tracking 6 videos

Checking: 8QW1zZJ7mP0
View Gain: 23913
✅ Ye kya kar diya 😭 G-Wagon K Sath 
----------------
Checking: OKvElOgyT68
View Gain: 8791
✅ Try Not To Laugh Challenge 😍With Benny And Avantika 
----------------
Checking: dQw4w9WgXcQ
View Gain: 13618
✅ Rick Astley - Never Gonna Give You Up (Official Video) (4K Remaster)
----------------
Checking: g9H14QjVtR8
View Gain: 23451
✅  Hide And Seek At Night  😲 With Family 
----------------
Checking: jrNPQgyXvo0
View Gain: 760
✅ Avantika K Liye BMW  Pasand Aagyi 😍
----------------
Checking: tfdct-wgeBI
View Gain: 1343
✅ Avantika Ko Kya Hogya 😲 Gussa Aagya
----------------

Tracking 6 videos

Checking: 8QW1zZJ7mP0
View Gain: 27088
✅ Ye kya kar diya 😭 G-Wagon K Sath 
----------------
Checking: OKvElOgyT68
View Gain: 13196
✅ Try Not To Laugh Challenge 😍With Benny And Avantika 
----------------
Checking: dQw4w9WgXcQ
View Gain: 15522
✅ Rick Astley - Never Gonna Give You Up (Official Video) (4K Remaster)
----------------
Checking: g9H14QjVtR8
View Gain: 37008
✅  Hide And Seek At Night  😲 With Family 
----------------
Checking: jrNPQgyXvo0
View Gain: 1219
✅ Avantika K Liye BMW  Pasand Aagyi 😍
----------------
Checking: tfdct-wgeBI
View Gain: 1669
✅ Avantika Ko Kya Hogya 😲 Gussa Aagya
----------------

Tracking 6 videos

Checking: 8QW1zZJ7mP0
View Gain: 9109
✅ Ye kya kar diya 😭 G-Wagon K Sath 
----------------
Checking: OKvElOgyT68
View Gain: 3948
✅ Try Not To Laugh Challenge 😍With Benny And Avantika 
----------------
Checking: dQw4w9WgXcQ
View Gain: 2769
✅ Rick Astley - Never Gonna Give You Up (Official Video) (4K Remaster)
----------------
Checking: g9H14QjVtR8
View Gain: 7921
✅  Hide And Seek At Night  😲 With Family 
----------------
Checking: jrNPQgyXvo0
View Gain: 229
✅ Avantika K Liye BMW  Pasand Aagyi 😍
----------------
Checking: tfdct-wgeBI
View Gain: 481
✅ Avantika Ko Kya Hogya 😲 Gussa Aagya
----------------

Tracking 6 videos

Checking: 8QW1zZJ7mP0
View Gain: 1940
✅ Ye kya kar diya 😭 G-Wagon K Sath 
----------------
Checking: OKvElOgyT68
View Gain: 1001
✅ Try Not To Laugh Challenge 😍With Benny And Avantika 
----------------
Checking: dQw4w9WgXcQ
View Gain: 1091
✅ Rick Astley - Never Gonna Give You Up (Official Video) (4K Remaster)
----------------
Checking: g9H14QjVtR8
View Gain: 2960
✅  Hide And Seek At Night  😲 With Family 
----------------
Checking: jrNPQgyXvo0
View Gain: 88
✅ Avantika K Liye BMW  Pasand Aagyi 😍
----------------
Checking: tfdct-wgeBI
View Gain: 142
✅ Avantika Ko Kya Hogya 😲 Gussa Aagya
----------------

Tracking 6 videos

Checking: 8QW1zZJ7mP0
View Gain: 2816
✅ Ye kya kar diya 😭 G-Wagon K Sath 
----------------
Checking: OKvElOgyT68
View Gain: 1361
✅ Try Not To Laugh Challenge 😍With Benny And Avantika 
----------------
Checking: dQw4w9WgXcQ
View Gain: 1371
✅ Rick Astley - Never Gonna Give You Up (Official Video) (4K Remaster)
----------------
Checking: g9H14QjVtR8
View Gain: 4392
✅  Hide And Seek At Night  😲 With Family 
----------------
Checking: jrNPQgyXvo0
View Gain: 139
✅ Avantika K Liye BMW  Pasand Aagyi 😍
----------------
Checking: tfdct-wgeBI
View Gain: 109
✅ Avantika Ko Kya Hogya 😲 Gussa Aagya
----------------

Tracking 6 videos

Checking: 8QW1zZJ7mP0
View Gain: 1722
✅ Ye kya kar diya 😭 G-Wagon K Sath 
----------------
Checking: OKvElOgyT68
View Gain: 804
✅ Try Not To Laugh Challenge 😍With Benny And Avantika 
----------------
Checking: dQw4w9WgXcQ
View Gain: 698
✅ Rick Astley - Never Gonna Give You Up (Official Video) (4K Remaster)
----------------
Checking: g9H14QjVtR8
View Gain: 2194
✅  Hide And Seek At Night  😲 With Family 
----------------
Checking: jrNPQgyXvo0
View Gain: 71
✅ Avantika K Liye BMW  Pasand Aagyi 😍
----------------
Checking: tfdct-wgeBI
View Gain: 161
✅ Avantika Ko Kya Hogya 😲 Gussa Aagya
----------------

Tracking 6 videos

Checking: 8QW1zZJ7mP0
View Gain: 1592
✅ Ye kya kar diya 😭 G-Wagon K Sath 
----------------
Checking: OKvElOgyT68
View Gain: 747
✅ Try Not To Laugh Challenge 😍With Benny And Avantika 
----------------
Checking: dQw4w9WgXcQ
View Gain: 214
✅ Rick Astley - Never Gonna Give You Up (Official Video) (4K Remaster)
----------------
Checking: g9H14QjVtR8
View Gain: 2105
✅  Hide And Seek At Night  😲 With Family 
----------------
Checking: jrNPQgyXvo0
View Gain: 61
✅ Avantika K Liye BMW  Pasand Aagyi 😍
----------------
Checking: tfdct-wgeBI
View Gain: 96
✅ Avantika Ko Kya Hogya 😲 Gussa Aagya
----------------

Tracking 6 videos

Checking: 8QW1zZJ7mP0
View Gain: 1734
✅ Ye kya kar diya 😭 G-Wagon K Sath 
----------------
Checking: OKvElOgyT68
View Gain: 910
✅ Try Not To Laugh Challenge 😍With Benny And Avantika 
----------------
Checking: dQw4w9WgXcQ
View Gain: 439
✅ Rick Astley - Never Gonna Give You Up (Official Video) (4K Remaster)
----------------
Checking: g9H14QjVtR8
View Gain: 1354
✅  Hide And Seek At Night  😲 With Family 
----------------
Checking: jrNPQgyXvo0
View Gain: 20
✅ Avantika K Liye BMW  Pasand Aagyi 😍
----------------
Checking: tfdct-wgeBI
View Gain: 87
✅ Avantika Ko Kya Hogya 😲 Gussa Aagya
----------------
